// Jest Snapshot v1, https://goo.gl/fbAQLP

exports[`Schema table display renders as expected Renders as expected 1`] = `
.c0 {
  background-color: #f5f5f5;
  border: 1px solid #ccc;
  border-radius: 4px;
  text-align: left;
  padding: 0px 2px 4px 2px;
}

.c1 {
  width: 100%;
  border-collapse: collapse;
  font-family: Menlo,Monaco,Consolas,"Courier New",monospace;
  font-size: 12.6px;
  color: #c7254e;
}

.c2 {
  padding-left: 4px;
}

.c3 {
  padding: 0 6px 0 6px;
  border: none;
  text-align: left;
}

<div
  className="c0"
>
  <table
    className="c1"
  >
    <caption
      className="c2"
    >
      testTable
    </caption>
    <tbody>
      <tr>
        <td
          className="c3"
        >
          id
        </td>
        <td
          className="c3"
        >
          int
           
        </td>
      </tr>
      <tr>
        <td
          className="c3"
        >
          amount
        </td>
        <td
          className="c3"
        >
          int
           
        </td>
      </tr>
      <tr>
        <td
          className="c3"
        >
          ipAddress
        </td>
        <td
          className="c3"
        >
          int
           
        </td>
      </tr>
      <tr>
        <td
          className="c3"
        >
          incidentDate
        </td>
        <td
          className="c3"
        >
          datetime
           
        </td>
      </tr>
    </tbody>
  </table>
</div>
`;
